I0426 18:02:14.292706 20568 tablet_bootstrap.cc:436] T cdcca06f278544a7b2cc376ef47fde17 P e8cb9d247c364de2956352d4368be4f3: No bootstrap required, opened a new log
I0426 18:02:14.293184 20568 ts_tablet_manager.cc:1045] T cdcca06f278544a7b2cc376ef47fde17 P e8cb9d247c364de2956352d4368be4f3: Time spent bootstrapping tablet: real 0.016s	user 0.004s	sys 0.000s
I0426 18:02:14.295348 20569 tablet_bootstrap.cc:436] T cdcca06f278544a7b2cc376ef47fde17 P 849e2ce84972434a997a3dfa1f77ae22: No bootstrap required, opened a new log
I0426 18:02:14.295907 20569 ts_tablet_manager.cc:1045] T cdcca06f278544a7b2cc376ef47fde17 P 849e2ce84972434a997a3dfa1f77ae22: Time spent bootstrapping tablet: real 0.011s	user 0.004s	sys 0.004s
I0426 18:02:14.311352 20568 raft_consensus.cc:303] T cdcca06f278544a7b2cc376ef47fde17 P e8cb9d247c364de2956352d4368be4f3 [term 0 FOLLOWER]: Replica starting. Triggering 0 pending transactions. Active config: opid_index: -1 OBSOLETE_local: false peers { permanent_uuid: "e8cb9d247c364de2956352d4368be4f3" member_type: VOTER last_known_addr { host: "127.19.158.194" port: 34029 } } peers { permanent_uuid: "667824c990864570a89a4c4f2c4e5ab5" member_type: VOTER last_known_addr { host: "127.19.158.195" port: 44330 } } peers { permanent_uuid: "849e2ce84972434a997a3dfa1f77ae22" member_type: VOTER last_known_addr { host: "127.19.158.193" port: 39806 } }
I0426 18:02:14.312263 20568 raft_consensus.cc:329] T cdcca06f278544a7b2cc376ef47fde17 P e8cb9d247c364de2956352d4368be4f3 [term 0 FOLLOWER]: Consensus starting up: Expiring failure detector timer to make a prompt election more likely
I0426 18:02:14.312481 20568 raft_consensus.cc:604] T cdcca06f278544a7b2cc376ef47fde17 P e8cb9d247c364de2956352d4368be4f3 [term 0 FOLLOWER]: Becoming Follower/Learner. State: Replica: e8cb9d247c364de2956352d4368be4f3, State: Initialized, Role: FOLLOWER
I0426 18:02:14.313243 20569 raft_consensus.cc:303] T cdcca06f278544a7b2cc376ef47fde17 P 849e2ce84972434a997a3dfa1f77ae22 [term 0 FOLLOWER]: Replica starting. Triggering 0 pending transactions. Active config: opid_index: -1 OBSOLETE_local: false peers { permanent_uuid: "e8cb9d247c364de2956352d4368be4f3" member_type: VOTER last_known_addr { host: "127.19.158.194" port: 34029 } } peers { permanent_uuid: "667824c990864570a89a4c4f2c4e5ab5" member_type: VOTER last_known_addr { host: "127.19.158.195" port: 44330 } } peers { permanent_uuid: "849e2ce84972434a997a3dfa1f77ae22" member_type: VOTER last_known_addr { host: "127.19.158.193" port: 39806 } }
I0426 18:02:14.313241 20568 consensus_queue.cc:227] T cdcca06f278544a7b2cc376ef47fde17 P e8cb9d247c364de2956352d4368be4f3 [NON_LEADER]: Queue going to NON_LEADER mode. State: All replicated index: 0, Majority replicated index: 0, Committed index: 0, Last appended: 0.0, Last appended by leader: 0, Current term: 0, Majority size: -1, State: 0, Mode: NON_LEADER, active raft config: opid_index: -1 OBSOLETE_local: false peers { permanent_uuid: "e8cb9d247c364de2956352d4368be4f3" member_type: VOTER last_known_addr { host: "127.19.158.194" port: 34029 } } peers { permanent_uuid: "667824c990864570a89a4c4f2c4e5ab5" member_type: VOTER last_known_addr { host: "127.19.158.195" port: 44330 } } peers { permanent_uuid: "849e2ce84972434a997a3dfa1f77ae22" member_type: VOTER last_known_addr { host: "127.19.158.193" port: 39806 } }
I0426 18:02:14.314180 20569 raft_consensus.cc:329] T cdcca06f278544a7b2cc376ef47fde17 P 849e2ce84972434a997a3dfa1f77ae22 [term 0 FOLLOWER]: Consensus starting up: Expiring failure detector timer to make a prompt election more likely
I0426 18:02:14.314438 20569 raft_consensus.cc:604] T cdcca06f278544a7b2cc376ef47fde17 P 849e2ce84972434a997a3dfa1f77ae22 [term 0 FOLLOWER]: Becoming Follower/Learner. State: Replica: 849e2ce84972434a997a3dfa1f77ae22, State: Initialized, Role: FOLLOWER
I0426 18:02:14.315445 20569 consensus_queue.cc:227] T cdcca06f278544a7b2cc376ef47fde17 P 849e2ce84972434a997a3dfa1f77ae22 [NON_LEADER]: Queue going to NON_LEADER mode. State: All replicated index: 0, Majority replicated index: 0, Committed index: 0, Last appended: 0.0, Last appended by leader: 0, Current term: 0, Majority size: -1, State: 0, Mode: NON_LEADER, active raft config: opid_index: -1 OBSOLETE_local: false peers { permanent_uuid: "e8cb9d247c364de2956352d4368be4f3" member_type: VOTER last_known_addr { host: "127.19.158.194" port: 34029 } } peers { permanent_uuid: "667824c990864570a89a4c4f2c4e5ab5" member_type: VOTER last_known_addr { host: "127.19.158.195" port: 44330 } } peers { permanent_uuid: "849e2ce84972434a997a3dfa1f77ae22" member_type: VOTER last_known_addr { host: "127.19.158.193" port: 39806 } }
I0426 18:02:14.316835 20421 heartbeater.cc:467] Master 127.19.158.254:32815 was elected leader, sending a full tablet report...
I0426 18:02:14.318500 20568 ts_tablet_manager.cc:1073] T cdcca06f278544a7b2cc376ef47fde17 P e8cb9d247c364de2956352d4368be4f3: Time spent starting tablet: real 0.025s	user 0.020s	sys 0.004s
I0426 18:02:14.319715 20569 ts_tablet_manager.cc:1073] T cdcca06f278544a7b2cc376ef47fde17 P 849e2ce84972434a997a3dfa1f77ae22: Time spent starting tablet: real 0.024s	user 0.016s	sys 0.008s
W0426 18:02:14.345257 20297 tablet.cc:1678] T cdcca06f278544a7b2cc376ef47fde17 P 849e2ce84972434a997a3dfa1f77ae22: Can't schedule compaction. Clean time has not been advanced past its initial value.
W0426 18:02:14.365144 20547 tablet.cc:1678] T cdcca06f278544a7b2cc376ef47fde17 P 667824c990864570a89a4c4f2c4e5ab5: Can't schedule compaction. Clean time has not been advanced past its initial value.
W0426 18:02:14.367998 20422 tablet.cc:1678] T cdcca06f278544a7b2cc376ef47fde17 P e8cb9d247c364de2956352d4368be4f3: Can't schedule compaction. Clean time has not been advanced past its initial value.
I0426 18:02:14.368721 20571 raft_consensus.cc:435] T cdcca06f278544a7b2cc376ef47fde17 P 667824c990864570a89a4c4f2c4e5ab5 [term 0 FOLLOWER]: Starting pre-election (no leader contacted us within the election timeout)
I0426 18:02:14.369001 20571 raft_consensus.cc:2699] T cdcca06f278544a7b2cc376ef47fde17 P 667824c990864570a89a4c4f2c4e5ab5: Snoozing failure detection for 1.847s (starting election)
I0426 18:02:14.369236 20571 raft_consensus.cc:457] T cdcca06f278544a7b2cc376ef47fde17 P 667824c990864570a89a4c4f2c4e5ab5 [term 0 FOLLOWER]: Starting pre-election with config: opid_index: -1 OBSOLETE_local: false peers { permanent_uuid: "e8cb9d247c364de2956352d4368be4f3" member_type: VOTER last_known_addr { host: "127.19.158.194" port: 34029 } } peers { permanent_uuid: "667824c990864570a89a4c4f2c4e5ab5" member_type: VOTER last_known_addr { host: "127.19.158.195" port: 44330 } } peers { permanent_uuid: "849e2ce84972434a997a3dfa1f77ae22" member_type: VOTER last_known_addr { host: "127.19.158.193" port: 39806 } }
I0426 18:02:14.370364 20571 leader_election.cc:230] T cdcca06f278544a7b2cc376ef47fde17 P 667824c990864570a89a4c4f2c4e5ab5 [CANDIDATE]: Term 1 pre-election: Requesting pre-vote from peer e8cb9d247c364de2956352d4368be4f3
I0426 18:02:14.370854 20571 leader_election.cc:230] T cdcca06f278544a7b2cc376ef47fde17 P 667824c990864570a89a4c4f2c4e5ab5 [CANDIDATE]: Term 1 pre-election: Requesting pre-vote from peer 849e2ce84972434a997a3dfa1f77ae22
I0426 18:02:14.381652 20378 tablet_service.cc:994] Received RequestConsensusVote() RPC: tablet_id: "cdcca06f278544a7b2cc376ef47fde17" candidate_uuid: "667824c990864570a89a4c4f2c4e5ab5" candidate_term: 1 candidate_status { last_received { term: 0 index: 0 } } ignore_live_leader: false dest_uuid: "e8cb9d247c364de2956352d4368be4f3" is_pre_election: true
I0426 18:02:14.382345 20378 raft_consensus.cc:2699] T cdcca06f278544a7b2cc376ef47fde17 P e8cb9d247c364de2956352d4368be4f3: Snoozing failure detection for 1.990s (vote granted)
I0426 18:02:14.382639 20378 raft_consensus.cc:2214] T cdcca06f278544a7b2cc376ef47fde17 P e8cb9d247c364de2956352d4368be4f3 [term 0 FOLLOWER]: Leader pre-election vote request: Granting yes vote for candidate 667824c990864570a89a4c4f2c4e5ab5 in term 0.
I0426 18:02:14.382711 20253 tablet_service.cc:994] Received RequestConsensusVote() RPC: tablet_id: "cdcca06f278544a7b2cc376ef47fde17" candidate_uuid: "667824c990864570a89a4c4f2c4e5ab5" candidate_term: 1 candidate_status { last_received { term: 0 index: 0 } } ignore_live_leader: false dest_uuid: "849e2ce84972434a997a3dfa1f77ae22" is_pre_election: true
I0426 18:02:14.383342 20253 raft_consensus.cc:2699] T cdcca06f278544a7b2cc376ef47fde17 P 849e2ce84972434a997a3dfa1f77ae22: Snoozing failure detection for 1.783s (vote granted)
I0426 18:02:14.383558 20253 raft_consensus.cc:2214] T cdcca06f278544a7b2cc376ef47fde17 P 849e2ce84972434a997a3dfa1f77ae22 [term 0 FOLLOWER]: Leader pre-election vote request: Granting yes vote for candidate 667824c990864570a89a4c4f2c4e5ab5 in term 0.
I0426 18:02:14.383882 20433 leader_election.cc:362] T cdcca06f278544a7b2cc376ef47fde17 P 667824c990864570a89a4c4f2c4e5ab5 [CANDIDATE]: Term 1 pre-election: Vote granted by peer e8cb9d247c364de2956352d4368be4f3
I0426 18:02:14.384081 20433 leader_election.cc:257] T cdcca06f278544a7b2cc376ef47fde17 P 667824c990864570a89a4c4f2c4e5ab5 [CANDIDATE]: Term 1 pre-election: Election decided. Result: candidate won.
I0426 18:02:14.384575 20435 leader_election.cc:362] T cdcca06f278544a7b2cc376ef47fde17 P 667824c990864570a89a4c4f2c4e5ab5 [CANDIDATE]: Term 1 pre-election: Vote granted by peer 849e2ce84972434a997a3dfa1f77ae22
I0426 18:02:14.384584 20571 raft_consensus.cc:2699] T cdcca06f278544a7b2cc376ef47fde17 P 667824c990864570a89a4c4f2c4e5ab5: Snoozing failure detection for 1.929s (election complete)
I0426 18:02:14.384896 20571 raft_consensus.cc:2506] T cdcca06f278544a7b2cc376ef47fde17 P 667824c990864570a89a4c4f2c4e5ab5 [term 0 FOLLOWER]: Leader pre-election won for term 1
I0426 18:02:14.385104 20571 raft_consensus.cc:435] T cdcca06f278544a7b2cc376ef47fde17 P 667824c990864570a89a4c4f2c4e5ab5 [term 0 FOLLOWER]: Starting leader election (no leader contacted us within the election timeout)
I0426 18:02:14.385280 20571 raft_consensus.cc:2699] T cdcca06f278544a7b2cc376ef47fde17 P 667824c990864570a89a4c4f2c4e5ab5: Snoozing failure detection for 1.558s (starting election)
I0426 18:02:14.385442 20571 raft_consensus.cc:2751] T cdcca06f278544a7b2cc376ef47fde17 P 667824c990864570a89a4c4f2c4e5ab5 [term 0 FOLLOWER]: Advancing to term 1
I0426 18:02:14.388785 20571 raft_consensus.cc:457] T cdcca06f278544a7b2cc376ef47fde17 P 667824c990864570a89a4c4f2c4e5ab5 [term 1 FOLLOWER]: Starting leader election with config: opid_index: -1 OBSOLETE_local: false peers { permanent_uuid: "e8cb9d247c364de2956352d4368be4f3" member_type: VOTER last_known_addr { host: "127.19.158.194" port: 34029 } } peers { permanent_uuid: "667824c990864570a89a4c4f2c4e5ab5" member_type: VOTER last_known_addr { host: "127.19.158.195" port: 44330 } } peers { permanent_uuid: "849e2ce84972434a997a3dfa1f77ae22" member_type: VOTER last_known_addr { host: "127.19.158.193" port: 39806 } }
I0426 18:02:14.389542 20571 leader_election.cc:230] T cdcca06f278544a7b2cc376ef47fde17 P 667824c990864570a89a4c4f2c4e5ab5 [CANDIDATE]: Term 1 election: Requesting vote from peer e8cb9d247c364de2956352d4368be4f3
I0426 18:02:14.389896 20571 leader_election.cc:230] T cdcca06f278544a7b2cc376ef47fde17 P 667824c990864570a89a4c4f2c4e5ab5 [CANDIDATE]: Term 1 election: Requesting vote from peer 849e2ce84972434a997a3dfa1f77ae22
I0426 18:02:14.391108 20253 tablet_service.cc:994] Received RequestConsensusVote() RPC: tablet_id: "cdcca06f278544a7b2cc376ef47fde17" candidate_uuid: "667824c990864570a89a4c4f2c4e5ab5" candidate_term: 1 candidate_status { last_received { term: 0 index: 0 } } ignore_live_leader: false dest_uuid: "849e2ce84972434a997a3dfa1f77ae22"
I0426 18:02:14.391088 20378 tablet_service.cc:994] Received RequestConsensusVote() RPC: tablet_id: "cdcca06f278544a7b2cc376ef47fde17" candidate_uuid: "667824c990864570a89a4c4f2c4e5ab5" candidate_term: 1 candidate_status { last_received { term: 0 index: 0 } } ignore_live_leader: false dest_uuid: "e8cb9d247c364de2956352d4368be4f3"
I0426 18:02:14.391474 20253 raft_consensus.cc:2751] T cdcca06f278544a7b2cc376ef47fde17 P 849e2ce84972434a997a3dfa1f77ae22 [term 0 FOLLOWER]: Advancing to term 1
I0426 18:02:14.391496 20378 raft_consensus.cc:2751] T cdcca06f278544a7b2cc376ef47fde17 P e8cb9d247c364de2956352d4368be4f3 [term 0 FOLLOWER]: Advancing to term 1
I0426 18:02:14.391685 20253 raft_consensus.cc:2699] T cdcca06f278544a7b2cc376ef47fde17 P 849e2ce84972434a997a3dfa1f77ae22: Snoozing failure detection for 2.201s (vote granted)
I0426 18:02:14.391723 20378 raft_consensus.cc:2699] T cdcca06f278544a7b2cc376ef47fde17 P e8cb9d247c364de2956352d4368be4f3: Snoozing failure detection for 1.518s (vote granted)
I0426 18:02:14.395119 20253 raft_consensus.cc:2214] T cdcca06f278544a7b2cc376ef47fde17 P 849e2ce84972434a997a3dfa1f77ae22 [term 1 FOLLOWER]: Leader election vote request: Granting yes vote for candidate 667824c990864570a89a4c4f2c4e5ab5 in term 1.
I0426 18:02:14.395923 20378 raft_consensus.cc:2214] T cdcca06f278544a7b2cc376ef47fde17 P e8cb9d247c364de2956352d4368be4f3 [term 1 FOLLOWER]: Leader election vote request: Granting yes vote for candidate 667824c990864570a89a4c4f2c4e5ab5 in term 1.
I0426 18:02:14.396093 20435 leader_election.cc:362] T cdcca06f278544a7b2cc376ef47fde17 P 667824c990864570a89a4c4f2c4e5ab5 [CANDIDATE]: Term 1 election: Vote granted by peer 849e2ce84972434a997a3dfa1f77ae22
I0426 18:02:14.396289 20435 leader_election.cc:257] T cdcca06f278544a7b2cc376ef47fde17 P 667824c990864570a89a4c4f2c4e5ab5 [CANDIDATE]: Term 1 election: Election decided. Result: candidate won.
I0426 18:02:14.396751 20571 raft_consensus.cc:2699] T cdcca06f278544a7b2cc376ef47fde17 P 667824c990864570a89a4c4f2c4e5ab5: Snoozing failure detection for 1.836s (election complete)
I0426 18:02:14.396967 20571 raft_consensus.cc:2506] T cdcca06f278544a7b2cc376ef47fde17 P 667824c990864570a89a4c4f2c4e5ab5 [term 1 FOLLOWER]: Leader election won for term 1
I0426 18:02:14.396976 20433 leader_election.cc:362] T cdcca06f278544a7b2cc376ef47fde17 P 667824c990864570a89a4c4f2c4e5ab5 [CANDIDATE]: Term 1 election: Vote granted by peer e8cb9d247c364de2956352d4368be4f3
I0426 18:02:14.398319 20571 raft_consensus.cc:571] T cdcca06f278544a7b2cc376ef47fde17 P 667824c990864570a89a4c4f2c4e5ab5 [term 1 LEADER]: Becoming Leader. State: Replica: 667824c990864570a89a4c4f2c4e5ab5, State: Running, Role: LEADER
I0426 18:02:14.398808 20571 consensus_queue.cc:204] T cdcca06f278544a7b2cc376ef47fde17 P 667824c990864570a89a4c4f2c4e5ab5 [LEADER]: Queue going to LEADER mode. State: All replicated index: 0, Majority replicated index: 0, Committed index: 0, Last appended: 0.0, Last appended by leader: 0, Current term: 1, Majority size: 2, State: 0, Mode: LEADER, active raft config: opid_index: -1 OBSOLETE_local: false peers { permanent_uuid: "e8cb9d247c364de2956352d4368be4f3" member_type: VOTER last_known_addr { host: "127.19.158.194" port: 34029 } } peers { permanent_uuid: "667824c990864570a89a4c4f2c4e5ab5" member_type: VOTER last_known_addr { host: "127.19.158.195" port: 44330 } } peers { permanent_uuid: "849e2ce84972434a997a3dfa1f77ae22" member_type: VOTER last_known_addr { host: "127.19.158.193" port: 39806 } }
I0426 18:02:14.405359 20131 catalog_manager.cc:3716] T cdcca06f278544a7b2cc376ef47fde17 P 667824c990864570a89a4c4f2c4e5ab5 reported cstate change: term changed from 0 to 1, leader changed from <none> to 667824c990864570a89a4c4f2c4e5ab5 (127.19.158.195). New cstate: current_term: 1 leader_uuid: "667824c990864570a89a4c4f2c4e5ab5" committed_config { opid_index: -1 OBSOLETE_local: false peers { permanent_uuid: "e8cb9d247c364de2956352d4368be4f3" member_type: VOTER last_known_addr { host: "127.19.158.194" port: 34029 } health_report { overall_health: UNKNOWN } } peers { permanent_uuid: "667824c990864570a89a4c4f2c4e5ab5" member_type: VOTER last_known_addr { host: "127.19.158.195" port: 44330 } health_report { overall_health: HEALTHY } } peers { permanent_uuid: "849e2ce84972434a997a3dfa1f77ae22" member_type: VOTER last_known_addr { host: "127.19.158.193" port: 39806 } health_report { overall_health: UNKNOWN } } }
I0426 18:02:14.440295 20091 external_mini_cluster.cc:509] 3 TS(s) registered with all masters
I0426 18:02:14.443260 20091 ts_itest-base.cc:233] Waiting for 1 tablets on tserver 849e2ce84972434a997a3dfa1f77ae22 to finish bootstrapping
I0426 18:02:14.455464 20091 ts_itest-base.cc:233] Waiting for 1 tablets on tserver e8cb9d247c364de2956352d4368be4f3 to finish bootstrapping
I0426 18:02:14.466791 20091 ts_itest-base.cc:233] Waiting for 1 tablets on tserver 667824c990864570a89a4c4f2c4e5ab5 to finish bootstrapping
I0426 18:02:14.513281 20378 raft_consensus.cc:1057] T cdcca06f278544a7b2cc376ef47fde17 P e8cb9d247c364de2956352d4368be4f3 [term 1 FOLLOWER]: Refusing update from remote peer 667824c990864570a89a4c4f2c4e5ab5: Log matching property violated. Preceding OpId in replica: term: 0 index: 0. Preceding OpId from leader: term: 1 index: 2. (index mismatch)
I0426 18:02:14.515671 20576 consensus_queue.cc:963] T cdcca06f278544a7b2cc376ef47fde17 P 667824c990864570a89a4c4f2c4e5ab5 [LEADER]: Connected to new peer: Peer: permanent_uuid: "e8cb9d247c364de2956352d4368be4f3" member_type: VOTER last_known_addr { host: "127.19.158.194" port: 34029 }, Status: LMP_MISMATCH, Last received: 0.0, Next index: 1, Last known committed idx: 0, Time since last communication: 0.000s
I0426 18:02:14.516553 20253 raft_consensus.cc:1057] T cdcca06f278544a7b2cc376ef47fde17 P 849e2ce84972434a997a3dfa1f77ae22 [term 1 FOLLOWER]: Refusing update from remote peer 667824c990864570a89a4c4f2c4e5ab5: Log matching property violated. Preceding OpId in replica: term: 0 index: 0. Preceding OpId from leader: term: 1 index: 2. (index mismatch)
I0426 18:02:14.518234 20576 consensus_queue.cc:963] T cdcca06f278544a7b2cc376ef47fde17 P 667824c990864570a89a4c4f2c4e5ab5 [LEADER]: Connected to new peer: Peer: permanent_uuid: "849e2ce84972434a997a3dfa1f77ae22" member_type: VOTER last_known_addr { host: "127.19.158.193" port: 39806 }, Status: LMP_MISMATCH, Last received: 0.0, Next index: 1, Last known committed idx: 0, Time since last communication: 0.000s
Master Summary
               UUID               |       Address        | Status
----------------------------------+----------------------+---------
 08f726b6ca8e483486158eacd80e933a | 127.19.158.254:32815 | HEALTHY
Fetched info from all 1 masters
Connected to the leader master
Tablet Server Summary
               UUID               |       Address        | Status
----------------------------------+----------------------+---------
 667824c990864570a89a4c4f2c4e5ab5 | 127.19.158.195:44330 | HEALTHY
 849e2ce84972434a997a3dfa1f77ae22 | 127.19.158.193:39806 | HEALTHY
 e8cb9d247c364de2956352d4368be4f3 | 127.19.158.194:34029 | HEALTHY
Fetched info from all 3 tablet servers
Table TestTable is HEALTHY (1 tablet(s) checked)

Summary by table
   Name    | Status  | Total Tablets | Healthy | Recovering | Under-replicated | Unavailable
-----------+---------+---------------+---------+------------+------------------+-------------
 TestTable | HEALTHY | 1             | 1       | 0          | 0                | 0
The metadata for 1 table(s) is HEALTHY
Checksum finished in 0s: 0/3 replicas remaining (0B from disk, 150 rows summed)
-----------------------
TestTable
-----------------------
T cdcca06f278544a7b2cc376ef47fde17 P e8cb9d247c364de2956352d4368be4f3 (127.19.158.194:34029): Checksum: 108787617684
T cdcca06f278544a7b2cc376ef47fde17 P 849e2ce84972434a997a3dfa1f77ae22 (127.19.158.193:39806): Checksum: 108787617684
T cdcca06f278544a7b2cc376ef47fde17 P 667824c990864570a89a4c4f2c4e5ab5 (127.19.158.195:44330): Checksum: 108787617684

I0426 18:02:14.745784 20091 log_verifier.cc:121] Checking tablet cdcca06f278544a7b2cc376ef47fde17
I0426 18:02:14.866740 20091 log_verifier.cc:172] Verified matching terms for 6 ops in tablet cdcca06f278544a7b2cc376ef47fde17
I0426 18:02:15.092761 20091 external_mini_cluster.cc:1011] Killing /tmp/dist-test-taskEpRJ5y/build/tsan/bin/kudu-tserver with pid 20425
W0426 18:02:15.156270 20111 connection.cc:512] client connection to 127.19.158.195:44330 recv error: Network error: failed to read from TLS socket (remote: 127.19.158.195:44330): Connection reset by peer (error 104)
W0426 18:02:15.158399 20310 connection.cc:512] server connection from 127.19.158.195:42376 recv error: Network error: failed to read from TLS socket (remote: 127.19.158.195:42376): Connection reset by peer (error 104)
W0426 18:02:15.162487 20112 connection.cc:512] server connection from 127.19.158.195:59229 recv error: Network error: failed to read from TLS socket (remote: 127.19.158.195:59229): Connection reset by peer (error 104)
W0426 18:02:15.165395 20184 connection.cc:512] server connection from 127.19.158.195:43998 recv error: Network error: failed to read from TLS socket (remote: 127.19.158.195:43998): Connection reset by peer (error 104)
I0426 18:02:15.166775 20253 tablet_service.cc:1106] Received Run Leader Election RPC: tablet_id: "cdcca06f278544a7b2cc376ef47fde17"
dest_uuid: "849e2ce84972434a997a3dfa1f77ae22"
 from {username='slave'} at 127.0.0.1:58542
I0426 18:02:15.167244 20253 raft_consensus.cc:435] T cdcca06f278544a7b2cc376ef47fde17 P 849e2ce84972434a997a3dfa1f77ae22 [term 1 FOLLOWER]: Starting forced leader election (received explicit request)
I0426 18:02:15.167485 20253 raft_consensus.cc:2699] T cdcca06f278544a7b2cc376ef47fde17 P 849e2ce84972434a997a3dfa1f77ae22: Snoozing failure detection for 1.936s (starting election)
I0426 18:02:15.167692 20253 raft_consensus.cc:2751] T cdcca06f278544a7b2cc376ef47fde17 P 849e2ce84972434a997a3dfa1f77ae22 [term 1 FOLLOWER]: Advancing to term 2
I0426 18:02:15.173108 20253 raft_consensus.cc:457] T cdcca06f278544a7b2cc376ef47fde17 P 849e2ce84972434a997a3dfa1f77ae22 [term 2 FOLLOWER]: Starting forced leader election with config: opid_index: -1 OBSOLETE_local: false peers { permanent_uuid: "e8cb9d247c364de2956352d4368be4f3" member_type: VOTER last_known_addr { host: "127.19.158.194" port: 34029 } } peers { permanent_uuid: "667824c990864570a89a4c4f2c4e5ab5" member_type: VOTER last_known_addr { host: "127.19.158.195" port: 44330 } } peers { permanent_uuid: "849e2ce84972434a997a3dfa1f77ae22" member_type: VOTER last_known_addr { host: "127.19.158.193" port: 39806 } }
I0426 18:02:15.182974 20253 leader_election.cc:230] T cdcca06f278544a7b2cc376ef47fde17 P 849e2ce84972434a997a3dfa1f77ae22 [CANDIDATE]: Term 2 election: Requesting vote from peer e8cb9d247c364de2956352d4368be4f3
I0426 18:02:15.189709 20253 leader_election.cc:230] T cdcca06f278544a7b2cc376ef47fde17 P 849e2ce84972434a997a3dfa1f77ae22 [CANDIDATE]: Term 2 election: Requesting vote from peer 667824c990864570a89a4c4f2c4e5ab5
W0426 18:02:15.157677 20551 connection.cc:512] client connection to 127.19.158.195:44330 recv error: Network error: failed to read from TLS socket (remote: 127.19.158.195:44330): Connection reset by peer (error 104)
W0426 18:02:15.207605 20183 leader_election.cc:286] T cdcca06f278544a7b2cc376ef47fde17 P 849e2ce84972434a997a3dfa1f77ae22 [CANDIDATE]: Term 2 election: RPC error from VoteRequest() call to peer 667824c990864570a89a4c4f2c4e5ab5: Network error: Client connection negotiation failed: client connection to 127.19.158.195:44330: connect: Connection refused (error 111)
I0426 18:02:15.209192 20378 tablet_service.cc:994] Received RequestConsensusVote() RPC: tablet_id: "cdcca06f278544a7b2cc376ef47fde17" candidate_uuid: "849e2ce84972434a997a3dfa1f77ae22" candidate_term: 2 candidate_status { last_received { term: 1 index: 6 } } ignore_live_leader: true dest_uuid: "e8cb9d247c364de2956352d4368be4f3"
I0426 18:02:15.209715 20378 raft_consensus.cc:2751] T cdcca06f278544a7b2cc376ef47fde17 P e8cb9d247c364de2956352d4368be4f3 [term 1 FOLLOWER]: Advancing to term 2
I0426 18:02:15.209977 20378 raft_consensus.cc:2699] T cdcca06f278544a7b2cc376ef47fde17 P e8cb9d247c364de2956352d4368be4f3: Snoozing failure detection for 1.726s (vote granted)
W0426 18:02:15.163483 20102 connection.cc:512] client connection to 127.19.158.195:44330 recv error: Network error: failed to read from TLS socket (remote: 127.19.158.195:44330): Connection reset by peer (error 104)
I0426 18:02:15.215559 20378 raft_consensus.cc:2214] T cdcca06f278544a7b2cc376ef47fde17 P e8cb9d247c364de2956352d4368be4f3 [term 2 FOLLOWER]: Leader election vote request: Granting yes vote for candidate 849e2ce84972434a997a3dfa1f77ae22 in term 2.
W0426 18:02:15.164324 20097 connection.cc:512] client connection to 127.19.158.195:44330 recv error: Network error: failed to read from TLS socket (remote: 127.19.158.195:44330): Connection reset by peer (error 104)
I0426 18:02:15.216960 20183 leader_election.cc:362] T cdcca06f278544a7b2cc376ef47fde17 P 849e2ce84972434a997a3dfa1f77ae22 [CANDIDATE]: Term 2 election: Vote granted by peer e8cb9d247c364de2956352d4368be4f3
I0426 18:02:15.217273 20183 leader_election.cc:257] T cdcca06f278544a7b2cc376ef47fde17 P 849e2ce84972434a997a3dfa1f77ae22 [CANDIDATE]: Term 2 election: Election decided. Result: candidate won.
W0426 18:02:15.218904 20551 meta_cache.cc:216] Tablet cdcca06f278544a7b2cc376ef47fde17: Replica 667824c990864570a89a4c4f2c4e5ab5 (127.19.158.195:44330) has failed: Network error: Client connection negotiation failed: client connection to 127.19.158.195:44330: connect: Connection refused (error 111)
I0426 18:02:15.230994 20622 raft_consensus.cc:2699] T cdcca06f278544a7b2cc376ef47fde17 P 849e2ce84972434a997a3dfa1f77ae22: Snoozing failure detection for 2.212s (election complete)
I0426 18:02:15.231458 20622 raft_consensus.cc:2506] T cdcca06f278544a7b2cc376ef47fde17 P 849e2ce84972434a997a3dfa1f77ae22 [term 2 FOLLOWER]: Leader election won for term 2
I0426 18:02:15.246575 20622 raft_consensus.cc:571] T cdcca06f278544a7b2cc376ef47fde17 P 849e2ce84972434a997a3dfa1f77ae22 [term 2 LEADER]: Becoming Leader. State: Replica: 849e2ce84972434a997a3dfa1f77ae22, State: Running, Role: LEADER
I0426 18:02:15.247300 20622 consensus_queue.cc:204] T cdcca06f278544a7b2cc376ef47fde17 P 849e2ce84972434a997a3dfa1f77ae22 [LEADER]: Queue going to LEADER mode. State: All replicated index: 0, Majority replicated index: 6, Committed index: 6, Last appended: 1.6, Last appended by leader: 6, Current term: 2, Majority size: 2, State: 0, Mode: LEADER, active raft config: opid_index: -1 OBSOLETE_local: false peers { permanent_uuid: "e8cb9d247c364de2956352d4368be4f3" member_type: VOTER last_known_addr { host: "127.19.158.194" port: 34029 } } peers { permanent_uuid: "667824c990864570a89a4c4f2c4e5ab5" member_type: VOTER last_known_addr { host: "127.19.158.195" port: 44330 } } peers { permanent_uuid: "849e2ce84972434a997a3dfa1f77ae22" member_type: VOTER last_known_addr { host: "127.19.158.193" port: 39806 } }
I0426 18:02:15.252295 20131 catalog_manager.cc:3716] T cdcca06f278544a7b2cc376ef47fde17 P 849e2ce84972434a997a3dfa1f77ae22 reported cstate change: term changed from 1 to 2, leader changed from 667824c990864570a89a4c4f2c4e5ab5 (127.19.158.195) to 849e2ce84972434a997a3dfa1f77ae22 (127.19.158.193). New cstate: current_term: 2 leader_uuid: "849e2ce84972434a997a3dfa1f77ae22" committed_config { opid_index: -1 OBSOLETE_local: false peers { permanent_uuid: "e8cb9d247c364de2956352d4368be4f3" member_type: VOTER last_known_addr { host: "127.19.158.194" port: 34029 } health_report { overall_health: UNKNOWN } } peers { permanent_uuid: "667824c990864570a89a4c4f2c4e5ab5" member_type: VOTER last_known_addr { host: "127.19.158.195" port: 44330 } health_report { overall_health: UNKNOWN } } peers { permanent_uuid: "849e2ce84972434a997a3dfa1f77ae22" member_type: VOTER last_known_addr { host: "127.19.158.193" port: 39806 } health_report { overall_health: HEALTHY } } }
W0426 18:02:15.297312 20183 consensus_peers.cc:434] T cdcca06f278544a7b2cc376ef47fde17 P 849e2ce84972434a997a3dfa1f77ae22 -> Peer 667824c990864570a89a4c4f2c4e5ab5 (127.19.158.195:44330): Couldn't send request to peer 667824c990864570a89a4c4f2c4e5ab5 for tablet cdcca06f278544a7b2cc376ef47fde17. Status: Network error: Client connection negotiation failed: client connection to 127.19.158.195:44330: connect: Connection refused (error 111). Retrying in the next heartbeat period. Already tried 1 times.
I0426 18:02:15.298542 20378 raft_consensus.cc:1057] T cdcca06f278544a7b2cc376ef47fde17 P e8cb9d247c364de2956352d4368be4f3 [term 2 FOLLOWER]: Refusing update from remote peer 849e2ce84972434a997a3dfa1f77ae22: Log matching property violated. Preceding OpId in replica: term: 1 index: 6. Preceding OpId from leader: term: 2 index: 8. (index mismatch)
I0426 18:02:15.300113 20624 consensus_queue.cc:963] T cdcca06f278544a7b2cc376ef47fde17 P 849e2ce84972434a997a3dfa1f77ae22 [LEADER]: Connected to new peer: Peer: permanent_uuid: "e8cb9d247c364de2956352d4368be4f3" member_type: VOTER last_known_addr { host: "127.19.158.194" port: 34029 }, Status: LMP_MISMATCH, Last received: 0.0, Next index: 7, Last known committed idx: 6, Time since last communication: 0.000s
I0426 18:02:15.418908 20091 external_mini_cluster.cc:819] Running /tmp/dist-test-taskEpRJ5y/build/tsan/bin/kudu-tserver
/tmp/dist-test-taskEpRJ5y/build/tsan/bin/kudu-tserver
--fs_wal_dir=/tmp/dist-test-taskEpRJ5y/test-tmp/raft_consensus_election-itest.0.RaftConsensusElectionITest.RunLeaderElection.1524765731449908-20091/raft_consensus-itest-cluster/ts-2/wal
--fs_data_dirs=/tmp/dist-test-taskEpRJ5y/test-tmp/raft_consensus_election-itest.0.RaftConsensusElectionITest.RunLeaderElection.1524765731449908-20091/raft_consensus-itest-cluster/ts-2/data
--block_manager=log
--rpc_bind_addresses=127.19.158.195:44330
--local_ip_for_outbound_sockets=127.19.158.195
--webserver_port=42457
--webserver_interface=127.19.158.195
--tserver_master_addrs=127.19.158.254:32815
--never_fsync
--ipki_server_key_size=1024
--enable_minidumps=false
--redact=none
--metrics_log_interval_ms=1000
--logtostderr
--logbuflevel=-1
--log_dir=/tmp/dist-test-taskEpRJ5y/test-tmp/raft_consensus_election-itest.0.RaftConsensusElectionITest.RunLeaderElection.1524765731449908-20091/raft_consensus-itest-cluster/ts-2/logs
--server_dump_info_path=/tmp/dist-test-taskEpRJ5y/test-tmp/raft_consensus_election-itest.0.RaftConsensusElectionITest.RunLeaderElection.1524765731449908-20091/raft_consensus-itest-cluster/ts-2/data/info.pb
--server_dump_info_format=pb
--rpc_server_allow_ephemeral_ports
--unlock_experimental_flags
--unlock_unsafe_flags
--log_cache_size_limit_mb=10
--consensus_rpc_timeout_ms=1000 with env {}
WARNING: Logging before InitGoogleLogging() is written to STDERR
W0426 18:02:15.600291 20634 flags.cc:412] Enabled unsafe flag: --rpc_server_allow_ephemeral_ports=true
W0426 18:02:15.600889 20634 flags.cc:412] Enabled unsafe flag: --never_fsync=true
W0426 18:02:15.616897 20634 flags.cc:412] Enabled experimental flag: --ipki_server_key_size=1024
W0426 18:02:15.617478 20634 flags.cc:412] Enabled experimental flag: --local_ip_for_outbound_sockets=127.19.158.195
I0426 18:02:15.641549 20634 tablet_server_main.cc:72] Tablet server non-default flags:
--consensus_rpc_timeout_ms=1000
--log_cache_size_limit_mb=10
--fs_data_dirs=/tmp/dist-test-taskEpRJ5y/test-tmp/raft_consensus_election-itest.0.RaftConsensusElectionITest.RunLeaderElection.1524765731449908-20091/raft_consensus-itest-cluster/ts-2/data
--fs_wal_dir=/tmp/dist-test-taskEpRJ5y/test-tmp/raft_consensus_election-itest.0.RaftConsensusElectionITest.RunLeaderElection.1524765731449908-20091/raft_consensus-itest-cluster/ts-2/wal
--ipki_server_key_size=1024
--rpc_bind_addresses=127.19.158.195:44330
--rpc_server_allow_ephemeral_ports=true
--metrics_log_interval_ms=1000
--server_dump_info_format=pb
--server_dump_info_path=/tmp/dist-test-taskEpRJ5y/test-tmp/raft_consensus_election-itest.0.RaftConsensusElectionITest.RunLeaderElection.1524765731449908-20091/raft_consensus-itest-cluster/ts-2/data/info.pb
--webserver_interface=127.19.158.195
--webserver_port=42457
--tserver_master_addrs=127.19.158.254:32815
--never_fsync=true
--redact=none
--unlock_experimental_flags=true
--unlock_unsafe_flags=true
--enable_minidumps=false
--local_ip_for_outbound_sockets=127.19.158.195
--log_dir=/tmp/dist-test-taskEpRJ5y/test-tmp/raft_consensus_election-itest.0.RaftConsensusElectionITest.RunLeaderElection.1524765731449908-20091/raft_consensus-itest-cluster/ts-2/logs
--logbuflevel=-1
--logtostderr=true
Tablet server version:
kudu 1.8.0-SNAPSHOT
revision c9307f8eb89fd99c1492b5e53812f2cdc1adffb4
build type FASTDEBUG
built by None at 26 Apr 2018 18:00:48 UTC on jenkins-slave-vn0g
build id 13197
TSAN enabled
I0426 18:02:15.655854 20634 tablet_server_main.cc:79] Initializing tablet server...
I0426 18:02:15.658774 20634 system_ntp.cc:143] NTP initialized. Skew: 500ppm Current error: 15547us
I0426 18:02:15.659525 20634 fs_manager.cc:260] Metadata directory not provided
I0426 18:02:15.659799 20634 fs_manager.cc:266] Using write-ahead log directory (fs_wal_dir) as metadata directory
I0426 18:02:15.668844 20634 fs_manager.cc:397] Time spent opening directory manager: real 0.006s	user 0.004s	sys 0.000s
I0426 18:02:15.669895 20634 env_posix.cc:1643] Not raising this process' open files per process limit of 65536; it is already as high as it can go
I0426 18:02:15.670699 20634 file_cache.cc:470] Constructed file cache lbm with capacity 26214
I0426 18:02:15.682560 20634 fs_manager.cc:417] Time spent opening block manager: real 0.003s	user 0.000s	sys 0.004s
I0426 18:02:15.682811 20634 fs_manager.cc:428] Opened local filesystem: /tmp/dist-test-taskEpRJ5y/test-tmp/raft_consensus_election-itest.0.RaftConsensusElectionITest.RunLeaderElection.1524765731449908-20091/raft_consensus-itest-cluster/ts-2/data,/tmp/dist-test-taskEpRJ5y/test-tmp/raft_consensus_election-itest.0.RaftConsensusElectionITest.RunLeaderElection.1524765731449908-20091/raft_consensus-itest-cluster/ts-2/wal
uuid: "667824c990864570a89a4c4f2c4e5ab5"
format_stamp: "Formatted at 2018-04-26 18:02:13 on dist-test-slave-dist-test-slave-qvfl"
I0426 18:02:15.685031 20634 fs_report.cc:347] Block manager report
--------------------
1 data directories: /tmp/dist-test-taskEpRJ5y/test-tmp/raft_consensus_election-itest.0.RaftConsensusElectionITest.RunLeaderElection.1524765731449908-20091/raft_consensus-itest-cluster/ts-2/data/data
Total live blocks: 0
Total live bytes: 0
Total live bytes (after alignment): 0
Total number of LBM containers: 0 (0 full)
Did not check for missing blocks
Did not check for orphaned blocks
Total full LBM containers with extra space: 0 (0 repaired)
Total full LBM container extra space in bytes: 0 (0 repaired)
Total incomplete LBM containers: 0 (0 repaired)
Total LBM partial records: 0 (0 repaired)
W0426 18:02:15.743782 20183 consensus_peers.cc:434] T cdcca06f278544a7b2cc376ef47fde17 P 849e2ce84972434a997a3dfa1f77ae22 -> Peer 667824c990864570a89a4c4f2c4e5ab5 (127.19.158.195:44330): Couldn't send request to peer 667824c990864570a89a4c4f2c4e5ab5 for tablet cdcca06f278544a7b2cc376ef47fde17. Status: Network error: Client connection negotiation failed: client connection to 127.19.158.195:44330: connect: Connection refused (error 111). Retrying in the next heartbeat period. Already tried 2 times.
I0426 18:02:15.980309 20634 env_posix.cc:1643] Not raising this process' running threads per effective uid limit of 60284; it is already as high as it can go
I0426 18:02:15.984465 20634 ts_tablet_manager.cc:344] Loading tablet metadata (0/1 complete)
I0426 18:02:15.984674 20634 ts_tablet_manager.cc:1005] T cdcca06f278544a7b2cc376ef47fde17 P 667824c990864570a89a4c4f2c4e5ab5: Loading tablet metadata
I0426 18:02:15.992148 20634 ts_tablet_manager.cc:356] Loaded tablet metadata (1 live tablets)
I0426 18:02:15.997766 20634 ts_tablet_manager.cc:1173] T cdcca06f278544a7b2cc376ef47fde17 P 667824c990864570a89a4c4f2c4e5ab5: Registered tablet (data state: TABLET_DATA_READY)
I0426 18:02:16.002583 20651 ts_tablet_manager.cc:1028] T cdcca06f278544a7b2cc376ef47fde17 P 667824c990864570a89a4c4f2c4e5ab5: Bootstrapping tablet
I0426 18:02:16.003321 20651 tablet_bootstrap.cc:436] T cdcca06f278544a7b2cc376ef47fde17 P 667824c990864570a89a4c4f2c4e5ab5: Bootstrap starting.
I0426 18:02:16.042874 20651 log.cc:520] T cdcca06f278544a7b2cc376ef47fde17 P 667824c990864570a89a4c4f2c4e5ab5: Log is configured to *not* fsync() on all Append() calls
I0426 18:02:16.015276 20634 tablet_server_main.cc:84] Starting tablet server...
I0426 18:02:16.113045 20651 tablet_bootstrap.cc:436] T cdcca06f278544a7b2cc376ef47fde17 P 667824c990864570a89a4c4f2c4e5ab5: Bootstrap replayed 1/1 log segments. Stats: ops{read=6 overwritten=0 applied=6 ignored=0} inserts{seen=50 ignored=0} mutations{seen=0 ignored=0} orphaned_commits=0. Pending: 0 replicates
I0426 18:02:16.116505 20651 tablet_bootstrap.cc:436] T cdcca06f278544a7b2cc376ef47fde17 P 667824c990864570a89a4c4f2c4e5ab5: Bootstrap complete.
I0426 18:02:16.118551 20651 ts_tablet_manager.cc:1045] T cdcca06f278544a7b2cc376ef47fde17 P 667824c990864570a89a4c4f2c4e5ab5: Time spent bootstrapping tablet: real 0.116s	user 0.064s	sys 0.012s
I0426 18:02:16.148969 20651 raft_consensus.cc:303] T cdcca06f278544a7b2cc376ef47fde17 P 667824c990864570a89a4c4f2c4e5ab5 [term 1 FOLLOWER]: Replica starting. Triggering 0 pending transactions. Active config: opid_index: -1 OBSOLETE_local: false peers { permanent_uuid: "e8cb9d247c364de2956352d4368be4f3" member_type: VOTER last_known_addr { host: "127.19.158.194" port: 34029 } } peers { permanent_uuid: "667824c990864570a89a4c4f2c4e5ab5" member_type: VOTER last_known_addr { host: "127.19.158.195" port: 44330 } } peers { permanent_uuid: "849e2ce84972434a997a3dfa1f77ae22" member_type: VOTER last_known_addr { host: "127.19.158.193" port: 39806 } }
I0426 18:02:16.158123 20651 raft_consensus.cc:604] T cdcca06f278544a7b2cc376ef47fde17 P 667824c990864570a89a4c4f2c4e5ab5 [term 1 FOLLOWER]: Becoming Follower/Learner. State: Replica: 667824c990864570a89a4c4f2c4e5ab5, State: Initialized, Role: FOLLOWER
I0426 18:02:16.159394 20651 consensus_queue.cc:227] T cdcca06f278544a7b2cc376ef47fde17 P 667824c990864570a89a4c4f2c4e5ab5 [NON_LEADER]: Queue going to NON_LEADER mode. State: All replicated index: 0, Majority replicated index: 0, Committed index: 6, Last appended: 1.6, Last appended by leader: 6, Current term: 0, Majority size: -1, State: 0, Mode: NON_LEADER, active raft config: opid_index: -1 OBSOLETE_local: false peers { permanent_uuid: "e8cb9d247c364de2956352d4368be4f3" member_type: VOTER last_known_addr { host: "127.19.158.194" port: 34029 } } peers { permanent_uuid: "667824c990864570a89a4c4f2c4e5ab5" member_type: VOTER last_known_addr { host: "127.19.158.195" port: 44330 } } peers { permanent_uuid: "849e2ce84972434a997a3dfa1f77ae22" member_type: VOTER last_known_addr { host: "127.19.158.193" port: 39806 } }
I0426 18:02:16.165856 20651 ts_tablet_manager.cc:1073] T cdcca06f278544a7b2cc376ef47fde17 P 667824c990864570a89a4c4f2c4e5ab5: Time spent starting tablet: real 0.047s	user 0.028s	sys 0.012s
W0426 18:02:16.272392 20183 consensus_peers.cc:434] T cdcca06f278544a7b2cc376ef47fde17 P 849e2ce84972434a997a3dfa1f77ae22 -> Peer 667824c990864570a89a4c4f2c4e5ab5 (127.19.158.195:44330): Couldn't send request to peer 667824c990864570a89a4c4f2c4e5ab5 for tablet cdcca06f278544a7b2cc376ef47fde17. Status: Network error: Client connection negotiation failed: client connection to 127.19.158.195:44330: connect: Connection refused (error 111). Retrying in the next heartbeat period. Already tried 3 times.
I0426 18:02:16.385583 20634 rpc_server.cc:200] RPC server started. Bound to: 127.19.158.195:44330
I0426 18:02:16.387074 20634 webserver.cc:173] Starting webserver on 127.19.158.195:42457
I0426 18:02:16.387246 20634 webserver.cc:184] Document root disabled
I0426 18:02:16.389330 20634 webserver.cc:311] Webserver started. Bound to: http://127.19.158.195:42457/
I0426 18:02:16.390461 20634 server_base.cc:606] Dumped server information to /tmp/dist-test-taskEpRJ5y/test-tmp/raft_consensus_election-itest.0.RaftConsensusElectionITest.RunLeaderElection.1524765731449908-20091/raft_consensus-itest-cluster/ts-2/data/info.pb
I0426 18:02:16.399819 20091 external_mini_cluster.cc:881] Started /tmp/dist-test-taskEpRJ5y/build/tsan/bin/kudu-tserver as pid 20634
I0426 18:02:16.403182 20634 tablet_server_main.cc:87] Tablet server successfully started.
I0426 18:02:16.404460 20760 process_memory.cc:182] Process hard memory limit is 11.777631 GB
I0426 18:02:16.405865 20760 process_memory.cc:184] Process soft memory limit is 9.422105 GB
I0426 18:02:16.406112 20760 process_memory.cc:187] Process memory pressure threshold is 7.066578 GB
I0426 18:02:16.420740 20759 heartbeater.cc:346] Connected to a master server at 127.19.158.254:32815
I0426 18:02:16.421133 20759 heartbeater.cc:426] Registering TS with master...
I0426 18:02:16.421840 20759 heartbeater.cc:475] Master 127.19.158.254:32815 requested a full tablet report, sending...
I0426 18:02:16.424929 20131 ts_manager.cc:87] Re-registered known tserver with Master: 667824c990864570a89a4c4f2c4e5ab5 (127.19.158.195:44330)
I0426 18:02:16.427646 20131 master_service.cc:249] Signed X509 certificate for tserver {username='slave'} at 127.19.158.195:44078
Master Summary
               UUID               |       Address        | Status
----------------------------------+----------------------+---------
 08f726b6ca8e483486158eacd80e933a | 127.19.158.254:32815 | HEALTHY
Fetched info from all 1 masters
Connected to the leader master
Tablet Server Summary
               UUID               |       Address        | Status
----------------------------------+----------------------+---------
 667824c990864570a89a4c4f2c4e5ab5 | 127.19.158.195:44330 | HEALTHY
 849e2ce84972434a997a3dfa1f77ae22 | 127.19.158.193:39806 | HEALTHY
 e8cb9d247c364de2956352d4368be4f3 | 127.19.158.194:34029 | HEALTHY
Fetched info from all 3 tablet servers
Tablet cdcca06f278544a7b2cc376ef47fde17 of table 'TestTable' is conflicted: Tablet cdcca06f278544a7b2cc376ef47fde17 of table 'TestTable' replicas' active configs disagree with the master's
  667824c990864570a89a4c4f2c4e5ab5 (127.19.158.195:44330): RUNNING
  849e2ce84972434a997a3dfa1f77ae22 (127.19.158.193:39806): RUNNING [LEADER]
  e8cb9d247c364de2956352d4368be4f3 (127.19.158.194:34029): RUNNING
  All the peers reported by the master and tablet servers are:
  A = 667824c990864570a89a4c4f2c4e5ab5
  B = 849e2ce84972434a997a3dfa1f77ae22
  C = e8cb9d247c364de2956352d4368be4f3
The consensus matrix is:
 Config source |   Replicas   | Current term | Config index | Committed?
---------------+--------------+--------------+--------------+------------
 master        | A   B*  C    |              |              | Yes
 A             | A   B   C    | 1            | -1           | Yes
 B             | A   B*  C    | 2            | -1           | Yes
 C             | A   B*  C    | 2            | -1           | Yes

Table TestTable has 1 tablet(s) with mismatched consensus

Summary by table
   Name    |   Status    | Total Tablets | Healthy | Recovering | Under-replicated | Unavailable
-----------+-------------+---------------+---------+------------+------------------+-------------
 TestTable | UNAVAILABLE | 1             | 0       | 0          | 0                | 1
I0426 18:02:16.616920 20091 cluster_verifier.cc:82] Check not successful yet, sleeping and retrying: Corruption: 1 out of 1 table(s) are not healthy
Master Summary
               UUID               |       Address        | Status
----------------------------------+----------------------+---------
 08f726b6ca8e483486158eacd80e933a | 127.19.158.254:32815 | HEALTHY
Fetched info from all 1 masters
Connected to the leader master
I0426 18:02:16.866853 20716 raft_consensus.cc:2751] T cdcca06f278544a7b2cc376ef47fde17 P 667824c990864570a89a4c4f2c4e5ab5 [term 1 FOLLOWER]: Advancing to term 2
Tablet Server Summary
               UUID               |       Address        | Status
----------------------------------+----------------------+---------
 667824c990864570a89a4c4f2c4e5ab5 | 127.19.158.195:44330 | HEALTHY
 849e2ce84972434a997a3dfa1f77ae22 | 127.19.158.193:39806 | HEALTHY
 e8cb9d247c364de2956352d4368be4f3 | 127.19.158.194:34029 | HEALTHY
Fetched info from all 3 tablet servers
Tablet cdcca06f278544a7b2cc376ef47fde17 of table 'TestTable' is conflicted: Tablet cdcca06f278544a7b2cc376ef47fde17 of table 'TestTable' replicas' active configs disagree with the master's
  667824c990864570a89a4c4f2c4e5ab5 (127.19.158.195:44330): RUNNING
  849e2ce84972434a997a3dfa1f77ae22 (127.19.158.193:39806): RUNNING [LEADER]
  e8cb9d247c364de2956352d4368be4f3 (127.19.158.194:34029): RUNNING
  All the peers reported by the master and tablet servers are:
  A = 667824c990864570a89a4c4f2c4e5ab5
  B = 849e2ce84972434a997a3dfa1f77ae22
  C = e8cb9d247c364de2956352d4368be4f3
The consensus matrix is:
 Config source |   Replicas   | Current term | Config index | Committed?
---------------+--------------+--------------+--------------+------------
 master        | A   B*  C    |              |              | Yes
 A             | A   B   C    | 1            | -1           | Yes
 B             | A   B*  C    | 2            | -1           | Yes
 C             | A   B*  C    | 2            | -1           | Yes

Table TestTable has 1 tablet(s) with mismatched consensus

Summary by table
I0426 18:02:16.872921 20759 heartbeater.cc:467] Master 127.19.158.254:32815 was elected leader, sending a full tablet report...
   Name    |   Status    | Total Tablets | Healthy | Recovering | Under-replicated | Unavailable
-----------+-------------+---------------+---------+------------+------------------+-------------
 TestTable | UNAVAILABLE | 1             | 0       | 0          | 0                | 1
I0426 18:02:16.883785 20091 cluster_verifier.cc:82] Check not successful yet, sleeping and retrying: Corruption: 1 out of 1 table(s) are not healthy
Master Summary
               UUID               |       Address        | Status
----------------------------------+----------------------+---------
 08f726b6ca8e483486158eacd80e933a | 127.19.158.254:32815 | HEALTHY
Fetched info from all 1 masters
Connected to the leader master
Tablet Server Summary
               UUID               |       Address        | Status
----------------------------------+----------------------+---------
 667824c990864570a89a4c4f2c4e5ab5 | 127.19.158.195:44330 | HEALTHY
 849e2ce84972434a997a3dfa1f77ae22 | 127.19.158.193:39806 | HEALTHY
 e8cb9d247c364de2956352d4368be4f3 | 127.19.158.194:34029 | HEALTHY
Fetched info from all 3 tablet servers
Table TestTable is HEALTHY (1 tablet(s) checked)

Summary by table
   Name    | Status  | Total Tablets | Healthy | Recovering | Under-replicated | Unavailable
-----------+---------+---------------+---------+------------+------------------+-------------
 TestTable | HEALTHY | 1             | 1       | 0          | 0                | 0
The metadata for 1 table(s) is HEALTHY
Checksum finished in 0s: 0/3 replicas remaining (0B from disk, 300 rows summed)
-----------------------
TestTable
-----------------------
T cdcca06f278544a7b2cc376ef47fde17 P 849e2ce84972434a997a3dfa1f77ae22 (127.19.158.193:39806): Checksum: 214634478652
T cdcca06f278544a7b2cc376ef47fde17 P e8cb9d247c364de2956352d4368be4f3 (127.19.158.194:34029): Checksum: 214634478652
T cdcca06f278544a7b2cc376ef47fde17 P 667824c990864570a89a4c4f2c4e5ab5 (127.19.158.195:44330): Checksum: 214634478652

I0426 18:02:17.218503 20091 log_verifier.cc:121] Checking tablet cdcca06f278544a7b2cc376ef47fde17
I0426 18:02:17.296936 20091 log_verifier.cc:172] Verified matching terms for 12 ops in tablet cdcca06f278544a7b2cc376ef47fde17
==================
WARNING: ThreadSanitizer: data race (pid=20091)
  Write of size 8 at 0x7b2c00001558 by main thread:
    #0 operator delete(void*) /home/jenkins-slave/workspace/kudu-master/0/thirdparty/src/llvm-6.0.0.src/projects/compiler-rt/lib/tsan/rtl/tsan_new_delete.cc:119 (raft_consensus_election-itest+0x4cc9d1)
    #1 std::__1::default_delete<kudu::ThreadPoolToken>::operator()(kudu::ThreadPoolToken*) const /home/jenkins-slave/workspace/kudu-master/0/thirdparty/installed/tsan/include/c++/v1/memory:2285:5 (libkudu_util.so+0x1c42f3)
    #2 std::__1::unique_ptr<kudu::ThreadPoolToken, std::__1::default_delete<kudu::ThreadPoolToken> >::reset(kudu::ThreadPoolToken*) /home/jenkins-slave/workspace/kudu-master/0/thirdparty/installed/tsan/include/c++/v1/memory:2598 (libkudu_util.so+0x1c42f3)
    #3 std::__1::unique_ptr<kudu::ThreadPoolToken, std::__1::default_delete<kudu::ThreadPoolToken> >::~unique_ptr() /home/jenkins-slave/workspace/kudu-master/0/thirdparty/installed/tsan/include/c++/v1/memory:2552 (libkudu_util.so+0x1c42f3)
    #4 kudu::ThreadPool::~ThreadPool() /home/jenkins-slave/workspace/kudu-master/0/src/kudu/util/threadpool.cc:342 (libkudu_util.so+0x1c42f3)
    #5 kudu::DefaultDeleter<kudu::ThreadPool>::operator()(kudu::ThreadPool*) const /home/jenkins-slave/workspace/kudu-master/0/src/kudu/gutil/gscoped_ptr.h:145:5 (libksck.so+0x4e4ae)
    #6 kudu::internal::gscoped_ptr_impl<kudu::ThreadPool, kudu::DefaultDeleter<kudu::ThreadPool> >::~gscoped_ptr_impl() /home/jenkins-slave/workspace/kudu-master/0/src/kudu/gutil/gscoped_ptr.h:228:7 (libksck.so+0x4e479)
    #7 gscoped_ptr<kudu::ThreadPool, kudu::DefaultDeleter<kudu::ThreadPool> >::~gscoped_ptr() /home/jenkins-slave/workspace/kudu-master/0/src/kudu/gutil/gscoped_ptr.h:318:7 (libksck.so+0x48269)
    #8 kudu::DnsResolver::~DnsResolver() /home/jenkins-slave/workspace/kudu-master/0/src/kudu/util/net/dns_resolver.cc:47:1 (libkudu_util.so+0x18a9fa)
    #9 kudu::DefaultDeleter<kudu::DnsResolver>::operator()(kudu::DnsResolver*) const /home/jenkins-slave/workspace/kudu-master/0/src/kudu/gutil/gscoped_ptr.h:145:5 (libkudu_client.so+0xd568e)
    #10 kudu::internal::gscoped_ptr_impl<kudu::DnsResolver, kudu::DefaultDeleter<kudu::DnsResolver> >::reset(kudu::DnsResolver*) /home/jenkins-slave/workspace/kudu-master/0/src/kudu/gutil/gscoped_ptr.h:254:7 (libkudu_client.so+0xd5644)
